/usr/lib/python3/dist-packages/requests/__init__.py:87: RequestsDependencyWarning: urllib3 (2.2.1) or chardet (3.0.4) doesn't match a supported version!
  warnings.warn("urllib3 ({}) or chardet ({}) doesn't match a supported "
/usr/lib/python3/dist-packages/requests/__init__.py:87: RequestsDependencyWarning: urllib3 (2.2.1) or chardet (3.0.4) doesn't match a supported version!
  warnings.warn("urllib3 ({}) or chardet ({}) doesn't match a supported "
wandb: Currently logged in as: ricozhu (icl-learning). Use `wandb login --relogin` to force relogin
wandb: wandb version 0.19.10 is available!  To upgrade, please run:
wandb:  $ pip install wandb --upgrade
wandb: Tracking run with wandb version 0.15.4
wandb: Run data is saved locally in /usr/project/xtmp/yz705/ICL-data/wandb/run-20250507_132714-ta26zrgg
wandb: Run `wandb offline` to turn off syncing.
wandb: Syncing run Readout, CN=0, B0=0, B1=2, K=1280, L=320, N=8, p_B=0.75, p_C=0.75, B=2, eps=0, lamb=1e-09
wandb: ⭐️ View project at https://wandb.ai/icl-learning/icl-data
wandb: 🚀 View run at https://wandb.ai/icl-learning/icl-data/runs/ta26zrgg
/home/users/yz705/.local/lib/python3.10/site-packages/transformers/utils/generic.py:441: UserWarning: torch.utils._pytree._register_pytree_node is deprecated. Please use torch.utils._pytree.register_pytree_node instead.
  _torch_pytree._register_pytree_node(
wandb: 429 encountered (Filestream rate limit exceeded, retrying in 2.0464548310376602 seconds), retrying request
wandb: 429 encountered (Filestream rate limit exceeded, retrying in 2.1900446773927453 seconds), retrying request
wandb: 429 encountered (Filestream rate limit exceeded, retrying in 4.709163265621663 seconds), retrying request
wandb: 429 encountered (Filestream rate limit exceeded, retrying in 2.1480501845637554 seconds), retrying request
wandb: 429 encountered (Filestream rate limit exceeded, retrying in 4.963826270902372 seconds), retrying request
wandb: 429 encountered (Filestream rate limit exceeded, retrying in 2.1542600226028448 seconds), retrying request
wandb: 429 encountered (Filestream rate limit exceeded, retrying in 4.104180670063256 seconds), retrying request
wandb: 429 encountered (Filestream rate limit exceeded, retrying in 2.2377422408098613 seconds), retrying request
wandb: 429 encountered (Filestream rate limit exceeded, retrying in 2.139362984397264 seconds), retrying request
wandb: Waiting for W&B process to finish... (success).
wandb: 
wandb: Run history:
wandb:      epoch ▁▁▁▁▂▂▂▂▂▃▃▃▃▃▃▄▄▄▄▄▅▅▅▅▅▅▆▆▆▆▆▇▇▇▇▇▇███
wandb: eval_epoch ▁▁▁▂▂▂▂▂▂▃▃▃▃▃▄▄▄▄▄▄▅▅▅▅▅▅▆▆▆▆▆▇▇▇▇▇▇███
wandb:    ic1_acc ▅████▆▆█▅▄▂▂▃▃▁▁▁▁▁▂▃▄▄▄▃▃▃▃▃▃▃▅▅▅▅▅▅▅▅▅
wandb:    ic2_acc ▇▇▇▇▇▄▆▆▆▇▇███▆▅▅▅▅▅▅▅▅▆▆▄▄▃▃▃▃▃▁▂▁▁▁▁▁▁
wandb:     iw_acc ▁▁▁▁▁▁▁▁▁▂▂▂▂▂▃▃▃▃▄▄▄▄▅▅▅▅▆▆▆▆▇▇▇▇▇█████
wandb:   test_acc ▁▁▁▁▁▁▁▁▁▂▂▂▂▂▂▃▃▃▄▄▄▄▅▅▅▆▆▆▆▆▇▇▇▇▇█████
wandb: train_loss █▆▇█▇▆▆▆▇▆▇▆▆▆▅▆▆▅▅▅▅▅▄▄▅▄▃▅▃▄▃▄▄▄▁▅▄▂▂▂
wandb: 
wandb: Run summary:
wandb:      epoch 9999
wandb: eval_epoch 9990
wandb:    ic1_acc 0.0063
wandb:    ic2_acc 0.0
wandb:     iw_acc 0.6468
wandb:   test_acc 0.1651
wandb: train_loss 5.60474
wandb: 
wandb: 🚀 View run Readout, CN=0, B0=0, B1=2, K=1280, L=320, N=8, p_B=0.75, p_C=0.75, B=2, eps=0, lamb=1e-09 at: https://wandb.ai/icl-learning/icl-data/runs/ta26zrgg
wandb: Synced 5 W&B file(s), 0 media file(s), 0 artifact file(s) and 0 other file(s)
wandb: Find logs at: ./wandb/run-20250507_132714-ta26zrgg/logs
Exception in thread NetStatThr:
Traceback (most recent call last):
  File "/usr/lib/python3.10/threading.py", line 1016, in _bootstrap_inner
    self.run()
  File "/usr/lib/python3.10/threading.py", line 953, in run
    self._target(*self._args, **self._kwargs)
  File "/home/users/yz705/.local/lib/python3.10/site-packages/wandb/sdk/wandb_run.py", line 257, in check_network_status
    self._loop_check_status(
  File "/home/users/yz705/.local/lib/python3.10/site-packages/wandb/sdk/wandb_run.py", line 213, in _loop_check_status
    local_handle = request()
  File "/home/users/yz705/.local/lib/python3.10/site-packages/wandb/sdk/interface/interface.py", line 797, in deliver_network_status
    return self._deliver_network_status(status)
  File "/home/users/yz705/.local/lib/python3.10/site-packages/wandb/sdk/interface/interface_shared.py", line 601, in _deliver_network_status
    return self._deliver_record(record)
  File "/home/users/yz705/.local/lib/python3.10/site-packages/wandb/sdk/interface/interface_shared.py", line 560, in _deliver_record
    handle = mailbox._deliver_record(record, interface=self)
  File "/home/users/yz705/.local/lib/python3.10/site-packages/wandb/sdk/lib/mailbox.py", line 455, in _deliver_record
    interface._publish(record)
  File "/home/users/yz705/.local/lib/python3.10/site-packages/wandb/sdk/interface/interface_sock.py", line 51, in _publish
    self._sock_client.send_record_publish(record)
  File "/home/users/yz705/.local/lib/python3.10/site-packages/wandb/sdk/lib/sock_client.py", line 221, in send_record_publish
    self.send_server_request(server_req)
  File "/home/users/yz705/.local/lib/python3.10/site-packages/wandb/sdk/lib/sock_client.py", line 155, in send_server_request
    self._send_message(msg)
  File "/home/users/yz705/.local/lib/python3.10/site-packages/wandb/sdk/lib/sock_client.py", line 152, in _send_message
    self._sendall_with_error_handle(header + data)
  File "/home/users/yz705/.local/lib/python3.10/site-packages/wandb/sdk/lib/sock_client.py", line 130, in _sendall_with_error_handle
    sent = self._sock.send(data)
BrokenPipeError: [Errno 32] Broken pipe
